// Jest Snapshot v1, https://goo.gl/fbAQLP

exports[`the ScheduleCard component should render 1`] = `
<View
  style={
    Object {
      "backgroundColor": "#ffffff",
      "borderRadius": 6,
      "marginHorizontal": 10,
      "marginVertical": 5,
      "shadowColor": "rgba(133, 133, 133, 0.30000000000000004)",
      "shadowOffset": Object {
        "height": 1,
        "width": 0,
      },
      "shadowOpacity": 1,
      "shadowRadius": 3,
    }
  }
>
  <View
    style={
      Object {
        "borderRadius": 6,
        "overflow": "hidden",
      }
    }
  >
    <View
      accessibilityComponentType={undefined}
      accessibilityLabel={undefined}
      accessibilityTraits={undefined}
      accessible={true}
      collapsable={undefined}
      hasTVPreferredFocus={undefined}
      hitSlop={undefined}
      isTVSelectable={true}
      nativeID={undefined}
      onLayout={undefined}
      onResponderGrant={[Function]}
      onResponderMove={[Function]}
      onResponderRelease={[Function]}
      onResponderTerminate={[Function]}
      onResponderTerminationRequest={[Function]}
      onStartShouldSetResponder={[Function]}
      style={
        Object {
          "opacity": 1,
        }
      }
      testID={undefined}
      tvParallaxProperties={undefined}
    >
      <View
        style={
          Object {
            "paddingHorizontal": 20,
            "paddingVertical": 20,
          }
        }
      >
        <View
          style={
            Object {
              "alignItems": "center",
              "flexDirection": "row",
            }
          }
        >
          <Text
            accessible={true}
            allowFontScaling={true}
            ellipsizeMode="tail"
            style={
              Object {
                "color": "#303030",
                "fontFamily": "Colfax-Bold",
                "fontSize": 32.4,
                "lineHeight": 41.04,
                "paddingBottom": 2.7,
                "paddingTop": 5.4,
              }
            }
          >
            $
          </Text>
          <Text
            accessible={true}
            allowFontScaling={true}
            ellipsizeMode="tail"
            style={
              Object {
                "color": "#303030",
                "fontFamily": "Colfax-Bold",
                "fontSize": 52.2,
                "lineHeight": 54.81,
                "paddingTop": 11.7,
              }
            }
          >
            20
          </Text>
          <Text
            accessible={true}
            allowFontScaling={true}
            ellipsizeMode="tail"
            style={
              Object {
                "color": "#303030",
                "fontFamily": "Colfax-Bold",
                "fontSize": 32.4,
                "lineHeight": 41.04,
                "paddingBottom": 2.7,
                "paddingTop": 5.4,
              }
            }
          >
            .00
          </Text>
        </View>
        <Text
          accessible={true}
          allowFontScaling={true}
          ellipsizeMode="tail"
          style={
            Object {
              "color": "#303030",
              "fontFamily": "Colfax-Bold",
              "fontSize": 20.02,
              "lineHeight": 25.33,
              "paddingBottom": 3.15,
              "paddingTop": 4.5,
            }
          }
        >
          often
        </Text>
        <View
          style={
            Object {
              "height": 10,
              "width": null,
            }
          }
        />
        <View
          style={
            Object {
              "alignItems": "center",
              "flexDirection": "row",
            }
          }
        >
          <Text
            accessible={true}
            allowFontScaling={true}
            ellipsizeMode="tail"
            style={
              Object {
                "color": "#858585",
                "fontFamily": "Colfax-Regular",
                "fontSize": 14,
                "lineHeight": 15.78,
                "paddingBottom": 1.8,
                "paddingTop": 3.6,
              }
            }
          >
            Start Date:
          </Text>
          <Text
            accessible={true}
            allowFontScaling={true}
            bold={false}
            ellipsizeMode="tail"
            italic={true}
            style={
              Object {
                "color": "#303030",
                "fontFamily": "DroidSerif-RegularItalic",
                "fontSize": 20.02,
                "lineHeight": 33.11,
                "paddingBottom": 2.25,
                "paddingLeft": 10,
                "paddingTop": 1.8,
              }
            }
          >
            Jan 17, 2018 12:00 AM
          </Text>
        </View>
        <View
          style={
            Object {
              "height": 10,
              "width": null,
            }
          }
        />
        <View
          style={
            Object {
              "alignItems": "center",
              "flexDirection": "row",
            }
          }
        >
          <Text
            accessible={true}
            allowFontScaling={true}
            ellipsizeMode="tail"
            style={
              Object {
                "color": "#6bac43",
                "fontFamily": "Colfax-Bold",
                "fontSize": 15.75,
                "lineHeight": 17.75,
                "paddingBottom": 1.8,
                "paddingTop": 4.5,
              }
            }
          >
            View Schedule Details
          </Text>
          <Svg
            height={20}
            viewBox="0 0 24 24"
            width={20}
          >
            <Path
              d="M9.65 21L8 20.1l7.72-8.1L8 3.9 9.65 3l8.16 8.54c.27.28.27.64 0 .92L9.67 21z"
              fill="#6bac43"
            />
          </Svg>
        </View>
      </View>
    </View>
  </View>
</View>
`;
