// Jest Snapshot v1, https://goo.gl/fbAQLP

exports[`The Header component should render correctly 1`] = `
<RCTSafeAreaView
  backgroundColor={null}
  style={
    Object {
      "backgroundColor": "#6bac43",
    }
  }
>
  <View
    style={
      Object {
        "alignItems": "center",
        "flexDirection": "row",
        "height": 50,
        "justifyContent": "center",
        "paddingHorizontal": 10,
      }
    }
  />
</RCTSafeAreaView>
`;

exports[`The Header component should render with a back button correctly 1`] = `
<RCTSafeAreaView
  backgroundColor={null}
  style={
    Object {
      "backgroundColor": "#6bac43",
    }
  }
>
  <View
    style={
      Object {
        "alignItems": "center",
        "flexDirection": "row",
        "height": 50,
        "justifyContent": "center",
        "paddingHorizontal": 10,
      }
    }
  >
    <View
      style={
        Object {
          "alignItems": "center",
          "bottom": 0,
          "justifyContent": "center",
          "left": 0,
          "paddingLeft": 4,
          "paddingRight": 100,
          "position": "absolute",
          "top": 0,
          "zIndex": 5,
        }
      }
    >
      <View
        accessibilityComponentType={undefined}
        accessibilityLabel={undefined}
        accessibilityTraits={undefined}
        accessible={true}
        collapsable={undefined}
        hasTVPreferredFocus={undefined}
        hitSlop={null}
        isTVSelectable={true}
        nativeID={undefined}
        onLayout={undefined}
        onResponderGrant={[Function]}
        onResponderMove={[Function]}
        onResponderRelease={[Function]}
        onResponderTerminate={[Function]}
        onResponderTerminationRequest={[Function]}
        onStartShouldSetResponder={[Function]}
        style={
          Object {
            "opacity": 1,
            "paddingLeft": 4,
            "paddingRight": 100,
          }
        }
        testID={undefined}
        tvParallaxProperties={undefined}
      >
        <View
          style={
            Object {
              "alignItems": "center",
              "flexDirection": "row",
              "justifyContent": "center",
            }
          }
        >
          <Svg
            barStyle="light-content"
            color={undefined}
            height={24}
            viewBox="0 0 24 24"
            width={24}
          >
            <Path
              d="M14.35 21L6.2 12.46c-.26-.28-.26-.64 0-.92L14.34 3l1.65.9L8.27 12 16 20.1l-1.65.9z"
              fill="#ffffff"
            />
          </Svg>
        </View>
      </View>
    </View>
  </View>
</RCTSafeAreaView>
`;
