// Jest Snapshot v1, https://goo.gl/fbAQLP

exports[`the ScriptureItem component renders Psalm 119 from html 1`] = `
<View>
  <Text
    accessible={true}
    allowFontScaling={true}
    ellipsizeMode="tail"
    style={
      Object {
        "color": "#303030",
        "fontFamily": "Colfax-Bold",
        "fontSize": 25.2,
        "lineHeight": 31.28,
        "paddingBottom": 3.71,
        "paddingTop": 5.04,
      }
    }
  >
     
    <Text
      accessible={true}
      allowFontScaling={true}
      ellipsizeMode="tail"
      style={
        Object {
          "color": "#303030",
          "fontFamily": "Colfax-Bold",
          "fontSize": 25.2,
          "lineHeight": 31.28,
          "paddingBottom": 3.71,
          "paddingTop": 5.04,
        }
      }
    />
     
    <Text
      accessible={true}
      allowFontScaling={true}
      ellipsizeMode="tail"
      style={
        Object {
          "color": "#303030",
          "fontFamily": "Colfax-Regular",
          "fontSize": 14,
          "lineHeight": 15.78,
          "paddingBottom": 1.8,
          "paddingTop": 3.6,
        }
      }
    >
      ESV
    </Text>
  </Text>
  <View />
</View>
`;

exports[`the ScriptureItem component renders Song of Solomon 1:1-4 from html 1`] = `
<View>
  <Text
    accessible={true}
    allowFontScaling={true}
    ellipsizeMode="tail"
    style={
      Object {
        "color": "#303030",
        "fontFamily": "Colfax-Bold",
        "fontSize": 25.2,
        "lineHeight": 31.28,
        "paddingBottom": 3.71,
        "paddingTop": 5.04,
      }
    }
  >
     
    <Text
      accessible={true}
      allowFontScaling={true}
      ellipsizeMode="tail"
      style={
        Object {
          "color": "#303030",
          "fontFamily": "Colfax-Bold",
          "fontSize": 25.2,
          "lineHeight": 31.28,
          "paddingBottom": 3.71,
          "paddingTop": 5.04,
        }
      }
    />
     
    <Text
      accessible={true}
      allowFontScaling={true}
      ellipsizeMode="tail"
      style={
        Object {
          "color": "#303030",
          "fontFamily": "Colfax-Regular",
          "fontSize": 14,
          "lineHeight": 15.78,
          "paddingBottom": 1.8,
          "paddingTop": 3.6,
        }
      }
    >
      ESV
    </Text>
  </Text>
  <View />
</View>
`;
