// Jest Snapshot v1, https://goo.gl/fbAQLP

exports[`The Seeker component should render 1`] = `
<View
  style={
    Object {
      "marginHorizontal": 20,
      "minWidth": "65%",
      "overflow": "visible",
      "paddingHorizontal": 10,
      "paddingVertical": 7,
    }
  }
>
  <View
    onLayout={[Function]}
    style={
      Object {
        "backgroundColor": "rgba(48, 48, 48, 0.30000000000000004)",
        "borderRadius": 6,
        "height": 6,
        "overflow": "hidden",
      }
    }
  >
    <View
      collapsable={undefined}
      style={
        Object {
          "bottom": 0,
          "left": 0,
          "position": "absolute",
          "right": 0,
          "top": 0,
          "transform": Array [
            Object {
              "translateX": 0,
            },
          ],
        }
      }
    >
      <View
        style={
          Object {
            "backgroundColor": "#303030",
            "bottom": 0,
            "left": 0,
            "position": "absolute",
            "right": 0,
            "top": 0,
          }
        }
      />
    </View>
  </View>
  <View
    collapsable={undefined}
    style={
      Object {
        "bottom": 0,
        "overflow": "visible",
        "position": "absolute",
        "right": 0,
        "top": 0,
        "transform": Array [
          Object {
            "translateX": 0,
          },
        ],
        "width": "100%",
      }
    }
  >
    <View
      onMoveShouldSetResponder={[Function]}
      onMoveShouldSetResponderCapture={[Function]}
      onResponderEnd={[Function]}
      onResponderGrant={[Function]}
      onResponderMove={[Function]}
      onResponderReject={[Function]}
      onResponderRelease={[Function]}
      onResponderStart={[Function]}
      onResponderTerminate={[Function]}
      onResponderTerminationRequest={[Function]}
      onStartShouldSetResponder={[Function]}
      onStartShouldSetResponderCapture={[Function]}
      style={
        Object {
          "backgroundColor": "#303030",
          "borderRadius": 20,
          "elevation": 2,
          "height": 20,
          "position": "absolute",
          "right": 0,
          "top": 0,
          "width": 20,
          "zIndex": 100,
        }
      }
    />
  </View>
</View>
`;
