// Jest Snapshot v1, https://goo.gl/fbAQLP

exports[`the createStyleSheet function returns styles that work on components 1`] = `
<View
  style={
    Object {
      "backgroundColor": "red",
    }
  }
/>
`;
