// Jest Snapshot v1, https://goo.gl/fbAQLP

exports[`the FeedItemCard Category component should render 1`] = `
<View
  style={
    Object {
      "flex": 1,
    }
  }
>
  <Image
    maintainAspectRatio={false}
    source={
      Array [
        Object {
          "uri": "https://picsum.photos/600/400/?random",
          "url": "https://picsum.photos/600/400/?random",
        },
      ]
    }
    style={
      Array [
        Object {},
        Object {
          "aspectRatio": 1,
          "flex": 1,
          "resizeMode": "cover",
          "width": "100%",
        },
      ]
    }
  />
  <ExponentLinearGradient
    colors={
      Array [
        16777215,
        4294967295,
      ]
    }
    end={
      Array [
        0,
        1,
      ]
    }
    locations={
      Array [
        0.3,
        1,
      ]
    }
    start={
      Array [
        0,
        0,
      ]
    }
    style={
      Object {
        "bottom": 0,
        "left": 0,
        "position": "absolute",
        "right": 0,
        "top": 0,
      }
    }
  />
</View>
`;
