// Jest Snapshot v1, https://goo.gl/fbAQLP

exports[`TabView Component renders 1`] = `
<View
  loaded={
    Array [
      0,
    ]
  }
  onLayout={[Function]}
  style={
    Array [
      Object {
        "flex": 1,
        "overflow": "hidden",
      },
      Object {
        "flex": 1,
      },
    ]
  }
>
  <View
    collapsable={undefined}
    style={
      Object {
        "backgroundColor": "#6bac43",
        "elevation": 4,
        "shadowColor": "black",
        "shadowOffset": Object {
          "height": 0.5,
        },
        "shadowOpacity": 0.1,
        "shadowRadius": 0.5,
        "zIndex": 1,
      }
    }
  >
    <View
      collapsable={undefined}
      pointerEvents="none"
      style={
        Object {
          "bottom": 0,
          "left": 0,
          "position": "absolute",
          "right": 0,
          "top": 0,
        }
      }
    >
      <View
        collapsable={undefined}
        style={
          Object {
            "backgroundColor": "rgb(181, 214, 161)",
            "bottom": 0,
            "height": 3,
            "left": 0,
            "position": "absolute",
            "transform": Array [
              Object {
                "translateX": 0,
              },
            ],
            "width": 375,
          }
        }
      />
    </View>
    <View
      style={
        Object {
          "overflow": "scroll",
        }
      }
    />
  </View>
  <View
    collapsable={undefined}
    onMoveShouldSetResponder={[Function]}
    onMoveShouldSetResponderCapture={[Function]}
    onResponderEnd={[Function]}
    onResponderGrant={[Function]}
    onResponderMove={[Function]}
    onResponderReject={[Function]}
    onResponderRelease={[Function]}
    onResponderStart={[Function]}
    onResponderTerminate={[Function]}
    onResponderTerminationRequest={[Function]}
    onStartShouldSetResponder={[Function]}
    onStartShouldSetResponderCapture={[Function]}
    style={
      Object {
        "alignItems": "stretch",
        "flex": 1,
        "flexDirection": "row",
        "transform": Array [
          Object {
            "translateX": 0,
          },
        ],
        "width": 1500,
      }
    }
  >
    <View
      style={
        Object {
          "width": 750,
        }
      }
      testID={undefined}
    >
      <View
        style={
          Array [
            Object {
              "backgroundColor": "#ff4081",
              "flex": 1,
            },
          ]
        }
      />
    </View>
    <View
      style={
        Object {
          "width": 750,
        }
      }
      testID={undefined}
    >
      <View
        style={
          Array [
            Object {
              "backgroundColor": "#673ab7",
              "flex": 1,
            },
          ]
        }
      />
    </View>
  </View>
</View>
`;
