// Jest Snapshot v1, https://goo.gl/fbAQLP

exports[`SecondaryNav Component renders correctly with custom links and no back button 1`] = `
<RCTSafeAreaView
  style={
    Object {
      "backgroundColor": "#202020",
      "flexDirection": "row",
      "justifyContent": "space-around",
      "paddingHorizontal": 10,
    }
  }
>
  <View
    accessibilityComponentType={undefined}
    accessibilityLabel={undefined}
    accessibilityTraits={undefined}
    accessible={true}
    collapsable={undefined}
    hasTVPreferredFocus={undefined}
    hitSlop={undefined}
    isTVSelectable={true}
    nativeID={undefined}
    onLayout={undefined}
    onResponderGrant={[Function]}
    onResponderMove={[Function]}
    onResponderRelease={[Function]}
    onResponderTerminate={[Function]}
    onResponderTerminationRequest={[Function]}
    onStartShouldSetResponder={[Function]}
    style={
      Object {
        "opacity": 1,
      }
    }
    testID={undefined}
    tvParallaxProperties={undefined}
  >
    <View
      style={
        Object {
          "alignItems": "center",
          "height": 50,
          "justifyContent": "center",
        }
      }
    >
      <Svg
        height={32}
        viewBox="0 0 24 24"
        width={32}
      >
        <Path
          d="M19.5 21v-8.25h.75c.45 0 .75.3.75.75v6.75c0 .45-.3.75-.75.75h-.75zm-15-.75V21h-.75c-.45 0-.75-.3-.75-.75V13.5c0-.45.3-.75.75-.75h.75v7.5zM17.25 3c.45 0 .75.3.75.75v16.5c0 .45-.3.75-.75.75h-4.5v-3h-1.5v3h-4.5c-.45 0-.75-.3-.75-.75V3.75c0-.45.3-.75.75-.75h10.5zM10.5 15.75v-1.5H8.25v1.5h2.25zm0-3v-1.5H8.25v1.5h2.25zm0-3v-1.5H8.25v1.5h2.25zm0-3v-1.5H8.25v1.5h2.25zm5.25 9v-1.5H13.5v1.5h2.25zm0-3v-1.5H13.5v1.5h2.25zm0-3v-1.5H13.5v1.5h2.25zm0-3v-1.5H13.5v1.5h2.25z"
          fill="#ffffff"
        />
      </Svg>
    </View>
  </View>
  <View
    accessibilityComponentType={undefined}
    accessibilityLabel={undefined}
    accessibilityTraits={undefined}
    accessible={true}
    collapsable={undefined}
    hasTVPreferredFocus={undefined}
    hitSlop={undefined}
    isTVSelectable={true}
    nativeID={undefined}
    onLayout={undefined}
    onResponderGrant={[Function]}
    onResponderMove={[Function]}
    onResponderRelease={[Function]}
    onResponderTerminate={[Function]}
    onResponderTerminationRequest={[Function]}
    onStartShouldSetResponder={[Function]}
    style={
      Object {
        "opacity": 1,
      }
    }
    testID={undefined}
    tvParallaxProperties={undefined}
  >
    <View
      style={
        Object {
          "alignItems": "center",
          "height": 50,
          "justifyContent": "center",
        }
      }
    >
      <Svg
        height={32}
        viewBox="0 0 24 17"
        width={32}
      >
        <Path
          d="M1.3,0 L22.7,0 C23.42,0 24,0.57 24,1.28 L24,15.88 C24,16.58 23.42,17.16 22.7,17.16 L1.3,17.16 C0.57,17.15 0,16.57 0,15.87 L0,1.27 C0,0.57 0.58,0 1.3,0 Z M22.2,15.43 L22.2,1.71 L1.8,1.71 L1.8,15.43 L22.2,15.43 Z M11.4,12 L4.2,12 L4.2,9.7 L11.4,9.7 L11.4,12 Z M19.8,6.86 L4.2,6.86 L4.2,4.57 L19.8,4.57 L19.8,6.87 L19.8,6.86 Z"
          fill="#ffffff"
        />
      </Svg>
    </View>
  </View>
</RCTSafeAreaView>
`;

exports[`SecondaryNav Component renders correctly with default props 1`] = `
<RCTSafeAreaView
  style={
    Object {
      "backgroundColor": "#202020",
      "flexDirection": "row",
      "justifyContent": "space-around",
      "paddingHorizontal": 10,
    }
  }
/>
`;

exports[`SecondaryNav Component renders with custom links 1`] = `
<RCTSafeAreaView
  style={
    Object {
      "backgroundColor": "#202020",
      "flexDirection": "row",
      "justifyContent": "space-around",
      "paddingHorizontal": 10,
    }
  }
>
  <View
    accessibilityComponentType={undefined}
    accessibilityLabel={undefined}
    accessibilityTraits={undefined}
    accessible={true}
    collapsable={undefined}
    hasTVPreferredFocus={undefined}
    hitSlop={undefined}
    isTVSelectable={true}
    nativeID={undefined}
    onLayout={undefined}
    onResponderGrant={[Function]}
    onResponderMove={[Function]}
    onResponderRelease={[Function]}
    onResponderTerminate={[Function]}
    onResponderTerminationRequest={[Function]}
    onStartShouldSetResponder={[Function]}
    style={
      Object {
        "opacity": 1,
      }
    }
    testID={undefined}
    tvParallaxProperties={undefined}
  >
    <View
      style={
        Object {
          "alignItems": "center",
          "height": 50,
          "justifyContent": "center",
        }
      }
    >
      <Svg
        height={32}
        viewBox="0 0 24 24"
        width={32}
      >
        <Path
          d="M19.5 21v-8.25h.75c.45 0 .75.3.75.75v6.75c0 .45-.3.75-.75.75h-.75zm-15-.75V21h-.75c-.45 0-.75-.3-.75-.75V13.5c0-.45.3-.75.75-.75h.75v7.5zM17.25 3c.45 0 .75.3.75.75v16.5c0 .45-.3.75-.75.75h-4.5v-3h-1.5v3h-4.5c-.45 0-.75-.3-.75-.75V3.75c0-.45.3-.75.75-.75h10.5zM10.5 15.75v-1.5H8.25v1.5h2.25zm0-3v-1.5H8.25v1.5h2.25zm0-3v-1.5H8.25v1.5h2.25zm0-3v-1.5H8.25v1.5h2.25zm5.25 9v-1.5H13.5v1.5h2.25zm0-3v-1.5H13.5v1.5h2.25zm0-3v-1.5H13.5v1.5h2.25zm0-3v-1.5H13.5v1.5h2.25z"
          fill="#ffffff"
        />
      </Svg>
    </View>
  </View>
  <View
    accessibilityComponentType={undefined}
    accessibilityLabel={undefined}
    accessibilityTraits={undefined}
    accessible={true}
    collapsable={undefined}
    hasTVPreferredFocus={undefined}
    hitSlop={undefined}
    isTVSelectable={true}
    nativeID={undefined}
    onLayout={undefined}
    onResponderGrant={[Function]}
    onResponderMove={[Function]}
    onResponderRelease={[Function]}
    onResponderTerminate={[Function]}
    onResponderTerminationRequest={[Function]}
    onStartShouldSetResponder={[Function]}
    style={
      Object {
        "opacity": 1,
      }
    }
    testID={undefined}
    tvParallaxProperties={undefined}
  >
    <View
      style={
        Object {
          "alignItems": "center",
          "height": 50,
          "justifyContent": "center",
        }
      }
    >
      <Svg
        height={32}
        viewBox="0 0 24 17"
        width={32}
      >
        <Path
          d="M1.3,0 L22.7,0 C23.42,0 24,0.57 24,1.28 L24,15.88 C24,16.58 23.42,17.16 22.7,17.16 L1.3,17.16 C0.57,17.15 0,16.57 0,15.87 L0,1.27 C0,0.57 0.58,0 1.3,0 Z M22.2,15.43 L22.2,1.71 L1.8,1.71 L1.8,15.43 L22.2,15.43 Z M11.4,12 L4.2,12 L4.2,9.7 L11.4,9.7 L11.4,12 Z M19.8,6.86 L4.2,6.86 L4.2,4.57 L19.8,4.57 L19.8,6.87 L19.8,6.86 Z"
          fill="#ffffff"
        />
      </Svg>
    </View>
  </View>
</RCTSafeAreaView>
`;
