// Jest Snapshot v1, https://goo.gl/fbAQLP

exports[`The FeedView component renders correctly 1`] = `null`;

exports[`The FeedView component renders empty state 1`] = `null`;
