// Jest Snapshot v1, https://goo.gl/fbAQLP

exports[`the SkeletonImage component should render a loading state 1`] = `
<View
  style={
    Object {
      "aspectRatio": 1,
      "backgroundColor": "#dddddd",
      "width": "100%",
    }
  }
/>
`;
