// Jest Snapshot v1, https://goo.gl/fbAQLP

exports[`The AlbumView component should render 1`] = `
<View
  style={
    Object {
      "backgroundColor": "#303030",
    }
  }
>
  <View
    style={
      Object {
        "aspectRatio": 1,
        "backgroundColor": "#858585",
        "bottom": 0,
        "left": 0,
        "opacity": 0.4,
        "position": "absolute",
        "right": 0,
        "top": 0,
        "width": "100%",
      }
    }
  >
    <View
      style={
        Object {
          "bottom": 0,
          "left": 0,
          "position": "absolute",
          "right": 0,
          "top": 0,
        }
      }
    >
      <View
        style={
          Object {
            "aspectRatio": 1,
            "backgroundColor": "#858585",
            "width": "100%",
          }
        }
      />
    </View>
  </View>
  <View
    style={
      Object {
        "alignItems": "stretch",
        "flexDirection": "row",
        "paddingHorizontal": 20,
        "paddingVertical": 20,
      }
    }
  >
    <View
      style={
        Object {
          "aspectRatio": 1,
          "backgroundColor": "#858585",
          "position": "relative",
          "width": "33%",
        }
      }
    >
      <View
        style={
          Object {
            "bottom": 0,
            "left": 0,
            "position": "absolute",
            "right": 0,
            "top": 0,
          }
        }
      >
        <View
          style={
            Object {
              "aspectRatio": 1,
              "backgroundColor": "#858585",
              "width": "100%",
            }
          }
        />
      </View>
    </View>
    <View
      style={
        Object {
          "justifyContent": "space-around",
          "paddingHorizontal": 20,
          "paddingVertical": 20,
          "width": "66%",
        }
      }
    >
      <Text
        accessible={true}
        allowFontScaling={true}
        ellipsizeMode="tail"
        style={
          Object {
            "backgroundColor": "transparent",
            "color": "#ffffff",
            "flexWrap": "wrap",
            "fontFamily": "Colfax-Bold",
            "fontSize": 20.02,
            "lineHeight": 25.33,
            "paddingBottom": 3.15,
            "paddingTop": 4.5,
          }
        }
      >
        Able
      </Text>
      <Text
        accessible={true}
        allowFontScaling={true}
        ellipsizeMode="tail"
        style={
          Object {
            "backgroundColor": "transparent",
            "color": "#ffffff",
            "flexWrap": "wrap",
            "fontFamily": "Colfax-Regular",
            "fontSize": 14,
            "lineHeight": 15.78,
            "paddingBottom": 1.8,
            "paddingTop": 3.6,
          }
        }
      >
        NewSpring
      </Text>
    </View>
  </View>
</View>
`;
