// Jest Snapshot v1, https://goo.gl/fbAQLP

exports[`renders correctly 1`] = `
<View>
  <View
    accessibilityComponentType={undefined}
    accessibilityLabel={undefined}
    accessibilityTraits={undefined}
    accessible={true}
    hasTVPreferredFocus={undefined}
    hitSlop={undefined}
    isTVSelectable={true}
    nativeID={undefined}
    onLayout={undefined}
    onResponderGrant={[Function]}
    onResponderMove={[Function]}
    onResponderRelease={[Function]}
    onResponderTerminate={[Function]}
    onResponderTerminationRequest={[Function]}
    onStartShouldSetResponder={[Function]}
    style={
      Array [
        Object {
          "backgroundColor": "transparent",
        },
        undefined,
      ]
    }
    testID={undefined}
    tvParallaxProperties={undefined}
  >
    <View>
      <View
        style={
          Array [
            Object {
              "transform": Array [
                Object {
                  "scaleY": -1,
                },
              ],
            },
          ]
        }
      >
        <Svg
          height={32}
          viewBox="0 0 512 512"
          width={32}
        >
          <Path
            d="M125 478l0-441c0-3 1-4 1-4-2 3-5 6-9 8-5 2-9 3-12 2 0 0 1 1 3 2l274 214c5 4 5 5 0 9l-272 202c-2 2-4 2-4 2 3-1 7 0 12 2 4 2 6 5 8 8 0 0-1-1-1-4z m-40 0c0 33 22 44 49 24l272-202c26-19 27-52 1-72l-274-214c-26-21-48-11-48 23z"
            fill="#6bac43"
          />
        </Svg>
      </View>
    </View>
  </View>
  <View
    accessibilityComponentType={undefined}
    accessibilityLabel={undefined}
    accessibilityTraits={undefined}
    accessible={true}
    hasTVPreferredFocus={undefined}
    hitSlop={undefined}
    isTVSelectable={true}
    nativeID={undefined}
    onLayout={undefined}
    onResponderGrant={[Function]}
    onResponderMove={[Function]}
    onResponderRelease={[Function]}
    onResponderTerminate={[Function]}
    onResponderTerminationRequest={[Function]}
    onStartShouldSetResponder={[Function]}
    style={
      Array [
        Object {
          "backgroundColor": "transparent",
        },
        undefined,
      ]
    }
    testID={undefined}
    tvParallaxProperties={undefined}
  >
    <View>
      <View
        style={
          Array [
            Object {
              "transform": Array [
                Object {
                  "scaleY": -1,
                },
              ],
            },
          ]
        }
      >
        <Svg
          height={32}
          viewBox="0 0 512 512"
          width={32}
        >
          <Path
            d="M137 512c12 0 22-10 22-23l0-455c0-12-10-23-22-23-13 0-23 11-23 23l0 455c0 13 10 23 23 23z m227 0c13 0 23-10 23-23l0-455c0-12-10-23-23-23-12 0-23 11-23 23l0 455c0 13 11 23 23 23z"
            fill="#6bac43"
          />
        </Svg>
      </View>
    </View>
  </View>
  <View
    onLayout={[Function]}
  >
    <View
      style={
        Object {
          "backgroundColor": "#303030",
          "height": 20,
        }
      }
    />
    <View
      style={
        Object {
          "backgroundColor": "#6bac43",
          "height": 20,
          "left": 0,
          "position": "absolute",
          "transform": Array [
            Object {
              "translateY": 0,
            },
          ],
          "width": 0,
        }
      }
    />
    <View
      onMoveShouldSetResponder={[Function]}
      onMoveShouldSetResponderCapture={[Function]}
      onResponderEnd={[Function]}
      onResponderGrant={[Function]}
      onResponderMove={[Function]}
      onResponderReject={[Function]}
      onResponderRelease={[Function]}
      onResponderStart={[Function]}
      onResponderTerminate={[Function]}
      onResponderTerminationRequest={[Function]}
      onStartShouldSetResponder={[Function]}
      onStartShouldSetResponderCapture={[Function]}
      style={
        Object {
          "backgroundColor": "#1c683e",
          "borderRadius": 9999,
          "height": 30,
          "left": -15,
          "position": "absolute",
          "transform": Array [
            Object {
              "translateY": -5,
            },
          ],
          "width": 30,
        }
      }
    />
  </View>
</View>
`;
